22:35:28 **** Incremental Build of configuration Release for project f411_InputCapture ****
make -j8 all 
arm-none-eabi-gcc "../Core/Src/main.c" -mcpu=cortex-m4 -std=gnu11 -DUSE_HAL_DRIVER -DSTM32F411xE -c -I../Core/Inc -I../Drivers/STM32F4xx_HAL_Driver/Inc -I../Drivers/STM32F4xx_HAL_Driver/Inc/Legacy -I../Drivers/CMSIS/Device/ST/STM32F4xx/Include -I../Drivers/CMSIS/Include -Os -ffunction-sections -fdata-sections -Wall -fstack-usage -MMD -MP -MF"Core/Src/main.d" -MT"Core/Src/main.o" --specs=nano.specs -mfpu=fpv4-sp-d16 -mfloat-abi=hard -mthumb -o "Core/Src/main.o"
arm-none-eabi-gcc -o "f411_InputCapture.elf" @"objects.list"   -mcpu=cortex-m4 -T"C:\Users\asus\STM32CubeIDE\workspace_1.6.1\f411_InputCapture\STM32F411CEUX_FLASH.ld" --specs=nosys.specs -Wl,-Map="f411_InputCapture.map" -Wl,--gc-sections -static --specs=nano.specs -mfpu=fpv4-sp-d16 -mfloat-abi=hard -mthumb -Wl,--start-group -lc -lm -Wl,--end-group
Finished building target: f411_InputCapture.elf
 
arm-none-eabi-size   f411_InputCapture.elf 
arm-none-eabi-objdump -h -S  f411_InputCapture.elf  > "f411_InputCapture.list"
arm-none-eabi-objcopy  -O ihex  f411_InputCapture.elf  "f411_InputCapture.hex"
   text	   data	    bss	    dec	    hex	filename
    920	     12	   1572	   2504	    9c8	f411_InputCapture.elf
Finished building: default.size.stdout
 
Finished building: f411_InputCapture.list
Finished building: f411_InputCapture.hex
 
 

22:35:29 Build Finished. 0 errors, 0 warnings. (took 894ms)

